FooBar
1
2
Foo
4
Bar
Foo
7
8
Foo
Bar
11
Foo
13
14
FooBar
16
17
Foo
19
Bar
Foo
22
23
Foo
Bar
26
Foo
28
29
FooBar
